Application     C:\Users\User\AppData\Local\Temp\CSExpRun19664.bch
Type            BATCH
Input Data      <<CSPro DB>> C:\Users\User\Documents\GitHub\labour-force-survey\MainLFS\time_use_field_data\all_time_use.csdb
<File>          cspro_export_file_var_f=

Date            Oct 20, 2023
Start Time      08:24:10
End Time        08:24:10

CSPro Process Summary

      ╔══════════════════════════════════════════════════════╗
      ║       405 Records Read   100% of input file          ║
      ║         0 Ignored:       0 Unknown         0 Erased  ║
      ║        19 Messages:     15 E      4 W      0 User    ║
      ╠═════════╦══════════════╦══════════════╦══════════════╣
      ║  Level  ║  Input Case  ║  Bad Struct  ║  Level Post  ║
      ╠═════════╬══════════════╬══════════════╬══════════════╣
      ║      1  ║          39  ║          15  ║          24  ║
      ╚═════════╩══════════════╩══════════════╩══════════════╝

Process Messages

*** Case [008972e9a847-3368-4a59-8b4f-f950f703c0e40701] has 1 message (1 E / 0 W / 0 U)
    E   10008 Required Record or Group _IDS0 not found

*** Case [003453c7d4f1-1d30-4d82-9d81-7b88fc34575f0802] has 3 messages (0 E / 3 W / 0 U)
    W   31072 Unable to generate EXPORT' file-name
              'C:\Users\User\Documents\GitHub\labour-force-survey\MainLFS\time_use_field_data\Exported.dat' because of
              conflicting with another EXPORT command (seq # 1). Only one record type is supported for this model.
    W   31072 Unable to generate EXPORT' file-name
              'C:\Users\User\Documents\GitHub\labour-force-survey\MainLFS\time_use_field_data\Exported.dat' because of
              conflicting with another EXPORT command (seq # 1). Only one record type is supported for this model.
    W   31072 Unable to generate EXPORT' file-name
              'C:\Users\User\Documents\GitHub\labour-force-survey\MainLFS\time_use_field_data\Exported.dat' because of
              conflicting with another EXPORT command (seq # 1). Only one record type is supported for this model.

*** Case [0033f9a89a1a-a12d-4958-a4fb-78a205d82ebc1601] has 1 message (1 E / 0 W / 0 U)
    E   10008 Required Record or Group META_DATA not found

*** Case [0089df6415bb-1e2c-4d42-a57a-c0ff6dedf07f1801] has 1 message (1 E / 0 W / 0 U)
    E   10008 Required Record or Group _IDS0 not found

*** Case [0055b05aa9e6-7c4d-42e1-be67-299026eb215c1402] has 1 message (0 E / 1 W / 0 U)
    W   31072 Unable to generate EXPORT' file-name
              'C:\Users\User\Documents\GitHub\labour-force-survey\MainLFS\time_use_field_data\Exported.dat' because of
              conflicting with another EXPORT command (seq # 1). Only one record type is supported for this model.

*** Case [0041925f1d9d-599b-4ea3-9151-e05e1b0586f00501] has 1 message (1 E / 0 W / 0 U)
    E   10008 Required Record or Group _IDS0 not found

*** Case [0041925f1d9d-599b-4ea3-9151-e05e1b0586f00502] has 1 message (1 E / 0 W / 0 U)
    E   10008 Required Record or Group _IDS0 not found

*** Case [0041925f1d9d-599b-4ea3-9151-e05e1b0586f00531] has 1 message (1 E / 0 W / 0 U)
    E   10008 Required Record or Group _IDS0 not found

*** Case [0041925f1d9d-599b-4ea3-9151-e05e1b0586f00503] has 1 message (1 E / 0 W / 0 U)
    E   10008 Required Record or Group _IDS0 not found

*** Case [0041925f1d9d-599b-4ea3-9151-e05e1b0586f00506] has 1 message (1 E / 0 W / 0 U)
    E   10008 Required Record or Group _IDS0 not found

*** Case [0041925f1d9d-599b-4ea3-9151-e05e1b0586f00507] has 1 message (1 E / 0 W / 0 U)
    E   10008 Required Record or Group _IDS0 not found

*** Case [0041925f1d9d-599b-4ea3-9151-e05e1b0586f00508] has 1 message (1 E / 0 W / 0 U)
    E   10008 Required Record or Group _IDS0 not found

*** Case [0041925f1d9d-599b-4ea3-9151-e05e1b0586f00601] has 1 message (1 E / 0 W / 0 U)
    E   10008 Required Record or Group _IDS0 not found

*** Case [0041925f1d9d-599b-4ea3-9151-e05e1b0586f00602] has 1 message (1 E / 0 W / 0 U)
    E   10008 Required Record or Group _IDS0 not found

*** Case [0041925f1d9d-599b-4ea3-9151-e05e1b0586f00701] has 1 message (1 E / 0 W / 0 U)
    E   10008 Required Record or Group _IDS0 not found

*** Case [0041925f1d9d-599b-4ea3-9151-e05e1b0586f00801] has 1 message (1 E / 0 W / 0 U)
    E   10008 Required Record or Group _IDS0 not found

*** Case [0041925f1d9d-599b-4ea3-9151-e05e1b0586f00802] has 1 message (1 E / 0 W / 0 U)
    E   10008 Required Record or Group _IDS0 not found

System messages:

  Number        Freq         Message Text                                                                               
  ------        ----         ------------                                                                               
   10008          15         Required Record or Group %s not found                                                      
   31072           4         Unable to generate EXPORT' file-name '%s' because of conflicting with another              
                             EXPORT command (seq # %d). Only one record type is supported for this model.               


CSPro Executor Normal End
------------------------------------------------------------------------------------------------------------------------
