Application     C:\Users\User\AppData\Local\Temp\CSExpRun34080.bch
Type            BATCH
Input Data      <<CSPro DB>> C:\Users\User\Documents\GitHub\labour-force-survey\PretestLFS\household.csdb
<File>          cspro_export_file_var_f=

Date            May 17, 2023
Start Time      02:00:30
End Time        02:00:31

CSPro Process Summary

      ╔══════════════════════════════════════════════════════╗
      ║       870 Records Read   100% of input file          ║
      ║         0 Ignored:       0 Unknown         0 Erased  ║
      ║         0 Messages:      0 E      0 W      0 User    ║
      ╠═════════╦══════════════╦══════════════╦══════════════╣
      ║  Level  ║  Input Case  ║  Bad Struct  ║  Level Post  ║
      ╠═════════╬══════════════╬══════════════╬══════════════╣
      ║      1  ║          98  ║           0  ║          98  ║
      ╚═════════╩══════════════╩══════════════╩══════════════╝

Process Messages


CSPro Executor Normal End
------------------------------------------------------------------------------------------------------------------------
