Application     C:\Users\pogor\OneDrive - International Labour Office\LFS CAPI\TUS Pilot\CAPI\Time use\TUS - Approach B\application\TimeUse.ent
Type            ENTRY
Input Data      <<CSPro DB>> C:\Users\pogor\OneDrive - International Labour Office\LFS CAPI\TUS Pilot\CAPI\Time use\TUS - Approach B\application\TimeUse.csdb

Date            Jul 07, 2023
Start Time      11:52:02
End Time        09:08:08


System messages:

  Number        Freq         Message Text                                                                               
  ------        ----         ------------                                                                               
   88889           1         WARNING: Out of range! Please enter a valid value for %s%s                                 
   99990           1         Operator entered a value out of range                                                      

User unnumbered messages:

    Line        Freq    %    Message Text                                                                          Denom
    ----        ----  -----  ------------                                                                          -----
     292           1      -  Please select the time slots for each secondary activity in the order it was              -
                             presented                                                                                  
     364           1      -  Please enter a valid value! ALONE cannot be marked together with other options.           -


CSPro Executor Normal End
------------------------------------------------------------------------------------------------------------------------
Application     C:\Users\pogor\OneDrive - International Labour Office\LFS CAPI\TUS Pilot\CAPI\Time use\TUS - Approach B\application\TimeUse.ent
Type            ENTRY
Input Data      <<CSPro DB>> C:\Users\pogor\OneDrive - International Labour Office\LFS CAPI\TUS Pilot\CAPI\Time use\TUS - Approach B\application\TimeUse.csdb

Date            Jul 10, 2023
Start Time      09:08:16
End Time        09:11:12


User unnumbered messages:

    Line        Freq    %    Message Text                                                                          Denom
    ----        ----  -----  ------------                                                                          -----
     292           1      -  Please select the time slots for each secondary activity in the order it was              -
                             presented                                                                                  


CSPro Executor Normal End
------------------------------------------------------------------------------------------------------------------------
Application     C:\Users\pogor\OneDrive - International Labour Office\LFS CAPI\TUS Pilot\CAPI\Time use\TUS - Approach B\application\TimeUse.ent
Type            ENTRY
Input Data      <<CSPro DB>> C:\Users\pogor\OneDrive - International Labour Office\LFS CAPI\TUS Pilot\CAPI\Time use\TUS - Approach B\application\TimeUse.csdb

Date            Jul 10, 2023
Start Time      09:11:13
End Time        09:13:48


System messages:

  Number        Freq         Message Text                                                                               
  ------        ----         ------------                                                                               
   88889           2         WARNING: Out of range! Please enter a valid value for %s%s                                 
   99990           2         Operator entered a value out of range                                                      

User unnumbered messages:

    Line        Freq    %    Message Text                                                                          Denom
    ----        ----  -----  ------------                                                                          -----
      28           1      -  Please enter valid text or make a selection!                                              -
     217           1      -  Please enter a valid value! DON’T KNOW cannot be marked together with other               -
                             options.                                                                                   
     292           2      -  Please select the time slots for each secondary activity in the order it was              -
                             presented                                                                                  


CSPro Executor Normal End
------------------------------------------------------------------------------------------------------------------------
Application     C:\Users\pogor\OneDrive - International Labour Office\LFS CAPI\TUS Pilot\CAPI\Time use\TUS - Approach B\application\TimeUse.ent
Type            ENTRY
Input Data      <<CSPro DB>> C:\Users\pogor\OneDrive - International Labour Office\LFS CAPI\TUS Pilot\CAPI\Time use\TUS - Approach B\application\TimeUse.csdb

Date            Jul 10, 2023
Start Time      09:13:50
End Time        09:14:27


System messages:

  Number        Freq         Message Text                                                                               
  ------        ----         ------------                                                                               
   88889           2         WARNING: Out of range! Please enter a valid value for %s%s                                 
   99990           2         Operator entered a value out of range                                                      

User unnumbered messages:

    Line        Freq    %    Message Text                                                                          Denom
    ----        ----  -----  ------------                                                                          -----
      28           1      -  Please enter valid text or make a selection!                                              -
     217           1      -  Please enter a valid value! DON’T KNOW cannot be marked together with other               -
                             options.                                                                                   
     292           2      -  Please select the time slots for each secondary activity in the order it was              -
                             presented                                                                                  


CSPro Executor Normal End
------------------------------------------------------------------------------------------------------------------------
Application     C:\Users\pogor\OneDrive - International Labour Office\LFS CAPI\TUS Pilot\CAPI\Time use\TUS - Approach B\application\TimeUse.ent
Type            ENTRY
Input Data      <<CSPro DB>> C:\Users\pogor\OneDrive - International Labour Office\LFS CAPI\TUS Pilot\CAPI\Time use\TUS - Approach B\application\TimeUse.csdb

Date            Jul 10, 2023
Start Time      09:15:43
End Time        09:39:41



CSPro Executor Normal End
------------------------------------------------------------------------------------------------------------------------
Application     C:\Users\pogor\OneDrive - International Labour Office\LFS CAPI\TUS Pilot\CAPI\Time use\TUS - Approach B\application\TimeUse.ent
Type            ENTRY
Input Data      <<CSPro DB>> C:\Users\pogor\OneDrive - International Labour Office\LFS CAPI\TUS Pilot\CAPI\Time use\TUS - Approach B\application\TimeUse.csdb

Date            Jul 10, 2023
Start Time      09:39:53
End Time        09:40:29



CSPro Executor Normal End
------------------------------------------------------------------------------------------------------------------------
Application     C:\Users\pogor\OneDrive - International Labour Office\LFS CAPI\TUS Pilot\CAPI\Time use\TUS - Approach B\application\TimeUse.ent
Type            ENTRY
Input Data      <<CSPro DB>> C:\Users\pogor\OneDrive - International Labour Office\LFS CAPI\TUS Pilot\CAPI\Time use\TUS - Approach B\application\TimeUse.csdb

Date            Jul 10, 2023
Start Time      10:37:45
End Time        11:00:23



CSPro Executor Normal End
------------------------------------------------------------------------------------------------------------------------
Application     C:\Users\pogor\OneDrive - International Labour Office\LFS CAPI\TUS Pilot\CAPI\Time use\TUS - Approach B\application\TimeUse.ent
Type            ENTRY
Input Data      <<CSPro DB>> C:\Users\pogor\OneDrive - International Labour Office\LFS CAPI\TUS Pilot\CAPI\Time use\TUS - Approach B\application\TimeUse.csdb

Date            Jul 10, 2023
Start Time      15:12:29
End Time        15:20:21


User unnumbered messages:

    Line        Freq    %    Message Text                                                                          Denom
    ----        ----  -----  ------------                                                                          -----
     292           1      -  Please select the time slots for each secondary activity in the order it was              -
                             presented                                                                                  
     706           1      -  Invalid entry! Please enter time in the HH:MM format or 97 for DON’T KNOW                 -
     727           1      -  Invalid entry! Please enter time in the HH:MM format or 97 for DON’T KNOW                 -


CSPro Executor Normal End
------------------------------------------------------------------------------------------------------------------------
Application     C:\Users\pogor\OneDrive - International Labour Office\LFS CAPI\TUS Pilot\CAPI\Time use\TUS - Approach B\application\TimeUse.ent
Type            ENTRY
Input Data      <<CSPro DB>> C:\Users\pogor\OneDrive - International Labour Office\LFS CAPI\TUS Pilot\CAPI\Time use\TUS - Approach B\application\TimeUse.csdb

Date            Jul 10, 2023
Start Time      15:20:28
End Time        15:21:54


User unnumbered messages:

    Line        Freq    %    Message Text                                                                          Denom
    ----        ----  -----  ------------                                                                          -----
     292           1      -  Please select the time slots for each secondary activity in the order it was              -
                             presented                                                                                  
     706           1      -  Invalid entry! Please enter time in the HH:MM format or 97 for DON’T KNOW                 -
     727           1      -  Invalid entry! Please enter time in the HH:MM format or 97 for DON’T KNOW                 -


CSPro Executor Normal End
------------------------------------------------------------------------------------------------------------------------
Application     C:\Users\pogor\OneDrive - International Labour Office\LFS CAPI\TUS Pilot\CAPI\Time use\TUS - Approach B\application\TimeUse.ent
Type            ENTRY
Input Data      <<CSPro DB>> C:\Users\pogor\OneDrive - International Labour Office\LFS CAPI\TUS Pilot\CAPI\Time use\TUS - Approach B\application\TimeUse.csdb

Date            Jul 10, 2023
Start Time      15:21:55
End Time        15:22:18


User unnumbered messages:

    Line        Freq    %    Message Text                                                                          Denom
    ----        ----  -----  ------------                                                                          -----
     292           1      -  Please select the time slots for each secondary activity in the order it was              -
                             presented                                                                                  
     706           1      -  Invalid entry! Please enter time in the HH:MM format or 97 for DON’T KNOW                 -
     727           1      -  Invalid entry! Please enter time in the HH:MM format or 97 for DON’T KNOW                 -


CSPro Executor Normal End
------------------------------------------------------------------------------------------------------------------------
Application     C:\Users\pogor\OneDrive - International Labour Office\LFS CAPI\TUS Pilot\CAPI\Time use\TUS - Approach B\application\TimeUse.ent
Type            ENTRY
Input Data      <<CSPro DB>> C:\Users\pogor\OneDrive - International Labour Office\LFS CAPI\TUS Pilot\CAPI\Time use\TUS - Approach B\application\TimeUse.csdb

Date            Jul 10, 2023
Start Time      15:22:20
End Time        15:22:33


User unnumbered messages:

    Line        Freq    %    Message Text                                                                          Denom
    ----        ----  -----  ------------                                                                          -----
     292           1      -  Please select the time slots for each secondary activity in the order it was              -
                             presented                                                                                  
     706           1      -  Invalid entry! Please enter time in the HH:MM format or 97 for DON’T KNOW                 -
     727           1      -  Invalid entry! Please enter time in the HH:MM format or 97 for DON’T KNOW                 -


CSPro Executor Normal End
------------------------------------------------------------------------------------------------------------------------
Application     C:\Users\pogor\OneDrive - International Labour Office\LFS CAPI\TUS Pilot\CAPI\Time use\TUS - Approach B\application\TimeUse.ent
Type            ENTRY
Input Data      <<CSPro DB>> C:\Users\pogor\OneDrive - International Labour Office\LFS CAPI\TUS Pilot\CAPI\Time use\TUS - Approach B\application\TimeUse.csdb

Date            Jul 10, 2023
Start Time      15:22:34
End Time        15:23:02


User unnumbered messages:

    Line        Freq    %    Message Text                                                                          Denom
    ----        ----  -----  ------------                                                                          -----
     292           1      -  Please select the time slots for each secondary activity in the order it was              -
                             presented                                                                                  
     706           1      -  Invalid entry! Please enter time in the HH:MM format or 97 for DON’T KNOW                 -
     727           1      -  Invalid entry! Please enter time in the HH:MM format or 97 for DON’T KNOW                 -


CSPro Executor Normal End
------------------------------------------------------------------------------------------------------------------------
Application     C:\Users\pogor\OneDrive - International Labour Office\LFS CAPI\TUS Pilot\CAPI\Time use\TUS - Approach B\application\TimeUse.ent
Type            ENTRY
Input Data      <<CSPro DB>> C:\Users\pogor\OneDrive - International Labour Office\LFS CAPI\TUS Pilot\CAPI\Time use\TUS - Approach B\application\TimeUse.csdb

Date            Jul 10, 2023
Start Time      15:23:03
End Time        15:23:14


User unnumbered messages:

    Line        Freq    %    Message Text                                                                          Denom
    ----        ----  -----  ------------                                                                          -----
     292           1      -  Please select the time slots for each secondary activity in the order it was              -
                             presented                                                                                  
     706           1      -  Invalid entry! Please enter time in the HH:MM format or 97 for DON’T KNOW                 -
     727           1      -  Invalid entry! Please enter time in the HH:MM format or 97 for DON’T KNOW                 -


CSPro Executor Normal End
------------------------------------------------------------------------------------------------------------------------
Application     C:\Users\pogor\OneDrive - International Labour Office\LFS CAPI\TUS Pilot\CAPI\Time use\TUS - Approach B\application\TimeUse.ent
Type            ENTRY
Input Data      <<CSPro DB>> C:\Users\pogor\OneDrive - International Labour Office\LFS CAPI\TUS Pilot\CAPI\Time use\TUS - Approach B\application\TimeUse.csdb

Date            Jul 10, 2023
Start Time      15:35:32
End Time        16:08:00



CSPro Executor Normal End
------------------------------------------------------------------------------------------------------------------------
Application     C:\Users\pogor\OneDrive - International Labour Office\LFS CAPI\TUS Pilot\CAPI\Time use\TUS - Approach B\application\TimeUse.ent
Type            ENTRY
Input Data      <<CSPro DB>> C:\Users\pogor\OneDrive - International Labour Office\LFS CAPI\TUS Pilot\CAPI\Time use\TUS - Approach B\application\TimeUse.csdb

Date            Jul 10, 2023
Start Time      17:15:35
End Time        17:17:22



CSPro Executor Normal End
------------------------------------------------------------------------------------------------------------------------
Application     C:\Users\pogor\OneDrive - International Labour Office\LFS CAPI\TUS Pilot\CAPI\Time use\TUS - Approach B\application\TimeUse.ent
Type            ENTRY
Input Data      <<CSPro DB>> C:\Users\pogor\OneDrive - International Labour Office\LFS CAPI\TUS Pilot\CAPI\Time use\TUS - Approach B\application\TimeUse.csdb

Date            Jul 10, 2023
Start Time      17:17:28
End Time        17:20:02



CSPro Executor Normal End
------------------------------------------------------------------------------------------------------------------------
Application     C:\Users\pogor\OneDrive - International Labour Office\LFS CAPI\TUS Pilot\CAPI\Time use\TUS - Approach B\application\TimeUse.ent
Type            ENTRY
Input Data      <<CSPro DB>> C:\Users\pogor\OneDrive - International Labour Office\LFS CAPI\TUS Pilot\CAPI\Time use\TUS - Approach B\application\TimeUse.csdb

Date            Jul 10, 2023
Start Time      17:20:07
End Time        17:21:04



CSPro Executor Normal End
------------------------------------------------------------------------------------------------------------------------
Application     C:\Users\pogor\OneDrive - International Labour Office\LFS CAPI\TUS Pilot\CAPI\Time use\TUS - Approach B\application\TimeUse.ent
Type            ENTRY
Input Data      <<CSPro DB>> C:\Users\pogor\OneDrive - International Labour Office\LFS CAPI\TUS Pilot\CAPI\Time use\TUS - Approach B\application\TimeUse.csdb

Date            Jul 11, 2023
Start Time      15:10:19
End Time        15:11:22



CSPro Executor Normal End
------------------------------------------------------------------------------------------------------------------------
